// Vitest Snapshot v1, https://vitest.dev/guide/snapshot.html

exports[`And Chip > Provides interface info 1`] = `
Map {
  "a" => {
    "connections": [],
    "state": false,
    "type": "input",
  },
  "b" => {
    "connections": [],
    "state": false,
    "type": "input",
  },
  "out" => {
    "connections": [],
    "state": false,
    "type": "output",
  },
}
`;
