// Vitest Snapshot v1, https://vitest.dev/guide/snapshot.html

exports[`DMux Chip > Provides interface info 1`] = `
Map {
  "in" => {
    "connections": [],
    "state": [
      false,
    ],
    "type": "output",
    "width": 1,
  },
  "sel" => {
    "connections": [],
    "state": [
      false,
    ],
    "type": "input",
    "width": 1,
  },
  "a" => {
    "connections": [],
    "state": [
      false,
    ],
    "type": "input",
    "width": 1,
  },
  "b" => {
    "connections": [],
    "state": [
      false,
    ],
    "type": "input",
    "width": 1,
  },
}
`;
