// Vitest Snapshot v1, https://vitest.dev/guide/snapshot.html

exports[`Not Chip > Provides interface info 1`] = `
Map {
  "in" => {
    "connections": [],
    "state": [
      false,
    ],
    "type": "input",
    "width": 1,
  },
  "out" => {
    "connections": [],
    "state": [
      false,
    ],
    "type": "output",
    "width": 1,
  },
}
`;
